AR counter behavioral /media/sf_Ubuntu-Test/dip_ld7/COUNTER.vhd sub00/vhpl03 1517055850
AR vga_driver_top behavioral /media/sf_Ubuntu-Test/dip_ld7/VGA_DRIVER_TOP.vhd sub00/vhpl06 1517055852
EN rom_green NULL /media/sf_Ubuntu-Test/dip_ld7/ipcore_dir/ROM_GREEN.vhd sub00/vhpl12 1517055855
EN rom_blue NULL /media/sf_Ubuntu-Test/dip_ld7/ipcore_dir/ROM_BLUE.vhd sub00/vhpl10 1517055857
AR rom_red rom_red_a /media/sf_Ubuntu-Test/dip_ld7/ipcore_dir/ROM_RED.vhd sub00/vhpl09 1517055854
AR rom_green rom_green_a /media/sf_Ubuntu-Test/dip_ld7/ipcore_dir/ROM_GREEN.vhd sub00/vhpl13 1517055856
EN vga_driver_top NULL /media/sf_Ubuntu-Test/dip_ld7/VGA_DRIVER_TOP.vhd sub00/vhpl04 1517055851
EN counter NULL /media/sf_Ubuntu-Test/dip_ld7/COUNTER.vhd sub00/vhpl02 1517055849
EN top0 NULL /media/sf_Ubuntu-Test/dip_ld7/TOP0.vhd sub00/vhpl05 1517055859
AR rom_blue rom_blue_a /media/sf_Ubuntu-Test/dip_ld7/ipcore_dir/ROM_BLUE.vhd sub00/vhpl11 1517055858
AR top0 behavioral /media/sf_Ubuntu-Test/dip_ld7/TOP0.vhd sub00/vhpl07 1517055860
EN counter_divider NULL /media/sf_Ubuntu-Test/dip_ld7/COUNTER_DIVIDER.vhd sub00/vhpl00 1517055847
AR counter_divider behavioral /media/sf_Ubuntu-Test/dip_ld7/COUNTER_DIVIDER.vhd sub00/vhpl01 1517055848
EN rom_red NULL /media/sf_Ubuntu-Test/dip_ld7/ipcore_dir/ROM_RED.vhd sub00/vhpl08 1517055853
