AR counter behavioral /home/amandaagnese/ld7_RG_EV/COUNTER.vhd sub00/vhpl03 1516993216
AR vga_driver_top behavioral /home/amandaagnese/ld7_RG_EV/VGA_DRIVER_TOP.vhd sub00/vhpl06 1516993218
EN vga_driver_top NULL /home/amandaagnese/ld7_RG_EV/VGA_DRIVER_TOP.vhd sub00/vhpl04 1516993217
EN counter NULL /home/amandaagnese/ld7_RG_EV/COUNTER.vhd sub00/vhpl02 1516993215
EN top0 NULL /home/amandaagnese/ld7_RG_EV/TOP0.vhd sub00/vhpl05 1516993219
AR top0 behavioral /home/amandaagnese/ld7_RG_EV/TOP0.vhd sub00/vhpl07 1516993220
EN counter_divider NULL /home/amandaagnese/ld7_RG_EV/COUNTER_DIVIDER.vhd sub00/vhpl00 1516993213
AR counter_divider behavioral /home/amandaagnese/ld7_RG_EV/COUNTER_DIVIDER.vhd sub00/vhpl01 1516993214
