V3 31
FL /home/amandaagnese/ld7_RG_EV/COUNTER.vhd 2018/01/26.12:44:13 P.20131013
FL /home/amandaagnese/ld7_RG_EV/COUNTER_DIVIDER.vhd 2018/01/26.12:43:56 P.20131013
FL /home/amandaagnese/ld7_RG_EV/TOP0.vhd 2018/01/26.13:16:22 P.20131013
FL /home/amandaagnese/ld7_RG_EV/VGA_DRIVER_TOP.vhd 2018/01/26.21:00:04 P.20131013
FL /media/sf_Ubuntu-Test/dip_ld7/COUNTER.vhd 2018/01/27.12:39:33 P.20131013
EN work/COUNTER 1517055849 FL /media/sf_Ubuntu-Test/dip_ld7/COUNTER.vhd \
      PB ieee/std_logic_1164 1381692176 PB ieee/STD_LOGIC_UNSIGNED 1381692179
AR work/COUNTER/Behavioral 1517055850 \
      FL /media/sf_Ubuntu-Test/dip_ld7/COUNTER.vhd EN work/COUNTER 1517055849
FL /media/sf_Ubuntu-Test/dip_ld7/COUNTER_DIVIDER.vhd 2018/01/27.13:25:10 P.20131013
EN work/COUNTER_DIVIDER 1517055847 \
      FL /media/sf_Ubuntu-Test/dip_ld7/COUNTER_DIVIDER.vhd PB ieee/std_logic_1164 1381692176 \
      PB ieee/STD_LOGIC_UNSIGNED 1381692179
AR work/COUNTER_DIVIDER/Behavioral 1517055848 \
      FL /media/sf_Ubuntu-Test/dip_ld7/COUNTER_DIVIDER.vhd \
      EN work/COUNTER_DIVIDER 1517055847
FL /media/sf_Ubuntu-Test/dip_ld7/ipcore_dir/ROM_BLUE.vhd 2018/01/27.13:42:46 P.20131013
EN work/ROM_BLUE 1517055857 \
      FL /media/sf_Ubuntu-Test/dip_ld7/ipcore_dir/ROM_BLUE.vhd \
      PB ieee/std_logic_1164 1381692176
AR work/ROM_BLUE/ROM_BLUE_a 1517055858 \
      FL /media/sf_Ubuntu-Test/dip_ld7/ipcore_dir/ROM_BLUE.vhd EN work/ROM_BLUE 1517055857
FL /media/sf_Ubuntu-Test/dip_ld7/ipcore_dir/ROM_GREEN.vhd 2018/01/27.13:58:08 P.20131013
EN work/ROM_GREEN 1517055855 \
      FL /media/sf_Ubuntu-Test/dip_ld7/ipcore_dir/ROM_GREEN.vhd \
      PB ieee/std_logic_1164 1381692176
AR work/ROM_GREEN/ROM_GREEN_a 1517055856 \
      FL /media/sf_Ubuntu-Test/dip_ld7/ipcore_dir/ROM_GREEN.vhd EN work/ROM_GREEN 1517055855
FL /media/sf_Ubuntu-Test/dip_ld7/ipcore_dir/ROM_RED.vhd 2018/01/27.13:45:51 P.20131013
EN work/ROM_RED 1517055853 \
      FL /media/sf_Ubuntu-Test/dip_ld7/ipcore_dir/ROM_RED.vhd \
      PB ieee/std_logic_1164 1381692176
AR work/ROM_RED/ROM_RED_a 1517055854 \
      FL /media/sf_Ubuntu-Test/dip_ld7/ipcore_dir/ROM_RED.vhd EN work/ROM_RED 1517055853
FL /media/sf_Ubuntu-Test/dip_ld7/TOP0.vhd 2018/01/27.14:23:55 P.20131013
EN work/TOP0 1517055859 FL /media/sf_Ubuntu-Test/dip_ld7/TOP0.vhd \
      PB ieee/std_logic_1164 1381692176 PB ieee/STD_LOGIC_UNSIGNED 1381692179
AR work/TOP0/Behavioral 1517055860 \
      FL /media/sf_Ubuntu-Test/dip_ld7/TOP0.vhd EN work/TOP0 1517055859 \
      CP COUNTER_DIVIDER CP COUNTER CP VGA_DRIVER_TOP CP ROM_RED CP ROM_GREEN \
      CP ROM_BLUE
FL /media/sf_Ubuntu-Test/dip_ld7/VGA_DRIVER_TOP.vhd 2018/01/27.13:24:20 P.20131013
EN work/VGA_DRIVER_TOP 1517055851 \
      FL /media/sf_Ubuntu-Test/dip_ld7/VGA_DRIVER_TOP.vhd PB ieee/std_logic_1164 1381692176 \
      PB ieee/STD_LOGIC_UNSIGNED 1381692179
AR work/VGA_DRIVER_TOP/Behavioral 1517055852 \
      FL /media/sf_Ubuntu-Test/dip_ld7/VGA_DRIVER_TOP.vhd EN work/VGA_DRIVER_TOP 1517055851 \
      CP COUNTER_DIVIDER CP COUNTER
