V3 15
FL /home/amandaagnese/ld7_RG_EV/COUNTER.vhd 2018/01/26.12:44:13 P.20131013
EN work/COUNTER 1516993215 FL /home/amandaagnese/ld7_RG_EV/COUNTER.vhd \
      PB ieee/std_logic_1164 1381692176 PB ieee/STD_LOGIC_UNSIGNED 1381692179
AR work/COUNTER/Behavioral 1516993216 \
      FL /home/amandaagnese/ld7_RG_EV/COUNTER.vhd EN work/COUNTER 1516993215
FL /home/amandaagnese/ld7_RG_EV/COUNTER_DIVIDER.vhd 2018/01/26.12:43:56 P.20131013
EN work/COUNTER_DIVIDER 1516993213 \
      FL /home/amandaagnese/ld7_RG_EV/COUNTER_DIVIDER.vhd PB ieee/std_logic_1164 1381692176 \
      PB ieee/STD_LOGIC_UNSIGNED 1381692179
AR work/COUNTER_DIVIDER/Behavioral 1516993214 \
      FL /home/amandaagnese/ld7_RG_EV/COUNTER_DIVIDER.vhd EN work/COUNTER_DIVIDER 1516993213
FL /home/amandaagnese/ld7_RG_EV/TOP0.vhd 2018/01/26.13:16:22 P.20131013
EN work/TOP0 1516993219 FL /home/amandaagnese/ld7_RG_EV/TOP0.vhd \
      PB ieee/std_logic_1164 1381692176
AR work/TOP0/Behavioral 1516993220 \
      FL /home/amandaagnese/ld7_RG_EV/TOP0.vhd EN work/TOP0 1516993219 \
      CP COUNTER_DIVIDER CP COUNTER CP VGA_DRIVER_TOP
FL /home/amandaagnese/ld7_RG_EV/VGA_DRIVER_TOP.vhd 2018/01/26.21:00:04 P.20131013
EN work/VGA_DRIVER_TOP 1516993217 \
      FL /home/amandaagnese/ld7_RG_EV/VGA_DRIVER_TOP.vhd PB ieee/std_logic_1164 1381692176 \
      PB ieee/STD_LOGIC_UNSIGNED 1381692179
AR work/VGA_DRIVER_TOP/Behavioral 1516993218 \
      FL /home/amandaagnese/ld7_RG_EV/VGA_DRIVER_TOP.vhd EN work/VGA_DRIVER_TOP 1516993217 \
      CP COUNTER_DIVIDER CP COUNTER
